PASS normal axe enters and stays visible from left
PASS normal axe hurt cannot persist beyond left wall
PASS normal axe knockdown cannot persist beyond left wall
PASS normal axe getup cannot persist beyond left wall
PASS normal axe attack cannot persist beyond left wall
PASS normal axe recover cannot persist beyond left wall
PASS normal axe thrown cannot persist beyond left wall
PASS normal axe dead cannot persist beyond left wall
PASS normal hound enters and stays visible from left
PASS normal hound hurt cannot persist beyond left wall
PASS normal hound knockdown cannot persist beyond left wall
PASS normal hound getup cannot persist beyond left wall
PASS normal hound attack cannot persist beyond left wall
PASS normal hound recover cannot persist beyond left wall
PASS normal hound thrown cannot persist beyond left wall
PASS normal hound dead cannot persist beyond left wall
PASS normal spear enters and stays visible from left
PASS normal spear hurt cannot persist beyond left wall
PASS normal spear knockdown cannot persist beyond left wall
PASS normal spear getup cannot persist beyond left wall
PASS normal spear attack cannot persist beyond left wall
PASS normal spear recover cannot persist beyond left wall
PASS normal spear thrown cannot persist beyond left wall
PASS normal spear dead cannot persist beyond left wall
PASS normal darkfriend enters and stays visible from left
PASS normal darkfriend hurt cannot persist beyond left wall
PASS normal darkfriend knockdown cannot persist beyond left wall
PASS normal darkfriend getup cannot persist beyond left wall
PASS normal darkfriend attack cannot persist beyond left wall
PASS normal darkfriend recover cannot persist beyond left wall
PASS normal darkfriend thrown cannot persist beyond left wall
PASS normal darkfriend dead cannot persist beyond left wall
PASS normal cultist enters and stays visible from left
PASS normal cultist hurt cannot persist beyond left wall
PASS normal cultist knockdown cannot persist beyond left wall
PASS normal cultist getup cannot persist beyond left wall
PASS normal cultist attack cannot persist beyond left wall
PASS normal cultist recover cannot persist beyond left wall
PASS normal cultist thrown cannot persist beyond left wall
PASS normal cultist dead cannot persist beyond left wall
PASS normal guard enters and stays visible from left
PASS normal guard hurt cannot persist beyond left wall
PASS normal guard knockdown cannot persist beyond left wall
PASS normal guard getup cannot persist beyond left wall
PASS normal guard attack cannot persist beyond left wall
PASS normal guard recover cannot persist beyond left wall
PASS normal guard thrown cannot persist beyond left wall
PASS normal guard dead cannot persist beyond left wall
PASS normal ashaman enters and stays visible from left
PASS normal ashaman hurt cannot persist beyond left wall
PASS normal ashaman knockdown cannot persist beyond left wall
PASS normal ashaman getup cannot persist beyond left wall
PASS normal ashaman attack cannot persist beyond left wall
PASS normal ashaman recover cannot persist beyond left wall
PASS normal ashaman thrown cannot persist beyond left wall
PASS normal ashaman dead cannot persist beyond left wall
PASS normal axe enters and stays visible from right
PASS normal axe hurt cannot persist beyond right wall
PASS normal axe knockdown cannot persist beyond right wall
PASS normal axe getup cannot persist beyond right wall
PASS normal axe attack cannot persist beyond right wall
PASS normal axe recover cannot persist beyond right wall
PASS normal axe thrown cannot persist beyond right wall
PASS normal axe dead cannot persist beyond right wall
PASS normal hound enters and stays visible from right
PASS normal hound hurt cannot persist beyond right wall
PASS normal hound knockdown cannot persist beyond right wall
PASS normal hound getup cannot persist beyond right wall
PASS normal hound attack cannot persist beyond right wall
PASS normal hound recover cannot persist beyond right wall
PASS normal hound thrown cannot persist beyond right wall
PASS normal hound dead cannot persist beyond right wall
PASS normal spear enters and stays visible from right
PASS normal spear hurt cannot persist beyond right wall
PASS normal spear knockdown cannot persist beyond right wall
PASS normal spear getup cannot persist beyond right wall
PASS normal spear attack cannot persist beyond right wall
PASS normal spear recover cannot persist beyond right wall
PASS normal spear thrown cannot persist beyond right wall
PASS normal spear dead cannot persist beyond right wall
PASS normal darkfriend enters and stays visible from right
PASS normal darkfriend hurt cannot persist beyond right wall
PASS normal darkfriend knockdown cannot persist beyond right wall
PASS normal darkfriend getup cannot persist beyond right wall
PASS normal darkfriend attack cannot persist beyond right wall
PASS normal darkfriend recover cannot persist beyond right wall
PASS normal darkfriend thrown cannot persist beyond right wall
PASS normal darkfriend dead cannot persist beyond right wall
PASS normal cultist enters and stays visible from right
PASS normal cultist hurt cannot persist beyond right wall
PASS normal cultist knockdown cannot persist beyond right wall
PASS normal cultist getup cannot persist beyond right wall
PASS normal cultist attack cannot persist beyond right wall
PASS normal cultist recover cannot persist beyond right wall
PASS normal cultist thrown cannot persist beyond right wall
PASS normal cultist dead cannot persist beyond right wall
PASS normal guard enters and stays visible from right
PASS normal guard hurt cannot persist beyond right wall
PASS normal guard knockdown cannot persist beyond right wall
PASS normal guard getup cannot persist beyond right wall
PASS normal guard attack cannot persist beyond right wall
PASS normal guard recover cannot persist beyond right wall
PASS normal guard thrown cannot persist beyond right wall
PASS normal guard dead cannot persist beyond right wall
PASS normal ashaman enters and stays visible from right
PASS normal ashaman hurt cannot persist beyond right wall
PASS normal ashaman knockdown cannot persist beyond right wall
PASS normal ashaman getup cannot persist beyond right wall
PASS normal ashaman attack cannot persist beyond right wall
PASS normal ashaman recover cannot persist beyond right wall
PASS normal ashaman thrown cannot persist beyond right wall
PASS normal ashaman dead cannot persist beyond right wall
PASS hard axe enters and stays visible from left
PASS hard axe hurt cannot persist beyond left wall
PASS hard axe knockdown cannot persist beyond left wall
PASS hard axe getup cannot persist beyond left wall
PASS hard axe attack cannot persist beyond left wall
PASS hard axe recover cannot persist beyond left wall
PASS hard axe thrown cannot persist beyond left wall
PASS hard axe dead cannot persist beyond left wall
PASS hard hound enters and stays visible from left
PASS hard hound hurt cannot persist beyond left wall
PASS hard hound knockdown cannot persist beyond left wall
PASS hard hound getup cannot persist beyond left wall
PASS hard hound attack cannot persist beyond left wall
PASS hard hound recover cannot persist beyond left wall
PASS hard hound thrown cannot persist beyond left wall
PASS hard hound dead cannot persist beyond left wall
PASS hard spear enters and stays visible from left
PASS hard spear hurt cannot persist beyond left wall
PASS hard spear knockdown cannot persist beyond left wall
PASS hard spear getup cannot persist beyond left wall
PASS hard spear attack cannot persist beyond left wall
PASS hard spear recover cannot persist beyond left wall
PASS hard spear thrown cannot persist beyond left wall
PASS hard spear dead cannot persist beyond left wall
PASS hard darkfriend enters and stays visible from left
PASS hard darkfriend hurt cannot persist beyond left wall
PASS hard darkfriend knockdown cannot persist beyond left wall
PASS hard darkfriend getup cannot persist beyond left wall
PASS hard darkfriend attack cannot persist beyond left wall
PASS hard darkfriend recover cannot persist beyond left wall
PASS hard darkfriend thrown cannot persist beyond left wall
PASS hard darkfriend dead cannot persist beyond left wall
PASS hard cultist enters and stays visible from left
PASS hard cultist hurt cannot persist beyond left wall
PASS hard cultist knockdown cannot persist beyond left wall
PASS hard cultist getup cannot persist beyond left wall
PASS hard cultist attack cannot persist beyond left wall
PASS hard cultist recover cannot persist beyond left wall
PASS hard cultist thrown cannot persist beyond left wall
PASS hard cultist dead cannot persist beyond left wall
PASS hard guard enters and stays visible from left
PASS hard guard hurt cannot persist beyond left wall
PASS hard guard knockdown cannot persist beyond left wall
PASS hard guard getup cannot persist beyond left wall
PASS hard guard attack cannot persist beyond left wall
PASS hard guard recover cannot persist beyond left wall
PASS hard guard thrown cannot persist beyond left wall
PASS hard guard dead cannot persist beyond left wall
PASS hard ashaman enters and stays visible from left
PASS hard ashaman hurt cannot persist beyond left wall
PASS hard ashaman knockdown cannot persist beyond left wall
PASS hard ashaman getup cannot persist beyond left wall
PASS hard ashaman attack cannot persist beyond left wall
PASS hard ashaman recover cannot persist beyond left wall
PASS hard ashaman thrown cannot persist beyond left wall
PASS hard ashaman dead cannot persist beyond left wall
PASS hard axe enters and stays visible from right
PASS hard axe hurt cannot persist beyond right wall
PASS hard axe knockdown cannot persist beyond right wall
PASS hard axe getup cannot persist beyond right wall
PASS hard axe attack cannot persist beyond right wall
PASS hard axe recover cannot persist beyond right wall
PASS hard axe thrown cannot persist beyond right wall
PASS hard axe dead cannot persist beyond right wall
PASS hard hound enters and stays visible from right
PASS hard hound hurt cannot persist beyond right wall
PASS hard hound knockdown cannot persist beyond right wall
PASS hard hound getup cannot persist beyond right wall
PASS hard hound attack cannot persist beyond right wall
PASS hard hound recover cannot persist beyond right wall
PASS hard hound thrown cannot persist beyond right wall
PASS hard hound dead cannot persist beyond right wall
PASS hard spear enters and stays visible from right
PASS hard spear hurt cannot persist beyond right wall
PASS hard spear knockdown cannot persist beyond right wall
PASS hard spear getup cannot persist beyond right wall
PASS hard spear attack cannot persist beyond right wall
PASS hard spear recover cannot persist beyond right wall
PASS hard spear thrown cannot persist beyond right wall
PASS hard spear dead cannot persist beyond right wall
PASS hard darkfriend enters and stays visible from right
PASS hard darkfriend hurt cannot persist beyond right wall
PASS hard darkfriend knockdown cannot persist beyond right wall
PASS hard darkfriend getup cannot persist beyond right wall
PASS hard darkfriend attack cannot persist beyond right wall
PASS hard darkfriend recover cannot persist beyond right wall
PASS hard darkfriend thrown cannot persist beyond right wall
PASS hard darkfriend dead cannot persist beyond right wall
PASS hard cultist enters and stays visible from right
PASS hard cultist hurt cannot persist beyond right wall
PASS hard cultist knockdown cannot persist beyond right wall
PASS hard cultist getup cannot persist beyond right wall
PASS hard cultist attack cannot persist beyond right wall
PASS hard cultist recover cannot persist beyond right wall
PASS hard cultist thrown cannot persist beyond right wall
PASS hard cultist dead cannot persist beyond right wall
PASS hard guard enters and stays visible from right
PASS hard guard hurt cannot persist beyond right wall
PASS hard guard knockdown cannot persist beyond right wall
PASS hard guard getup cannot persist beyond right wall
PASS hard guard attack cannot persist beyond right wall
PASS hard guard recover cannot persist beyond right wall
PASS hard guard thrown cannot persist beyond right wall
PASS hard guard dead cannot persist beyond right wall
PASS hard ashaman enters and stays visible from right
PASS hard ashaman hurt cannot persist beyond right wall
PASS hard ashaman knockdown cannot persist beyond right wall
PASS hard ashaman getup cannot persist beyond right wall
PASS hard ashaman attack cannot persist beyond right wall
PASS hard ashaman recover cannot persist beyond right wall
PASS hard ashaman thrown cannot persist beyond right wall
PASS hard ashaman dead cannot persist beyond right wall
PASS Any single hidden enemy among visible peers makes the >2s regression fail
PASS Exactly two seconds passes; re-entry resets only that enemy’s continuous dwell
PASS normal Riley idle keeps his body inside the left wall
PASS normal Riley walk keeps his body inside the left wall
PASS normal Riley hurt keeps his body inside the left wall
PASS normal Riley knockdown keeps his body inside the left wall
PASS normal Riley lying keeps his body inside the left wall
PASS normal Riley getup keeps his body inside the left wall
PASS normal get-up provides a short controllable recovery shield
PASS Recovery shield rejects a same-frame hit
PASS hard Riley idle keeps his body inside the left wall
PASS hard Riley walk keeps his body inside the left wall
PASS hard Riley hurt keeps his body inside the left wall
PASS hard Riley knockdown keeps his body inside the left wall
PASS hard Riley lying keeps his body inside the left wall
PASS hard Riley getup keeps his body inside the left wall
PASS hard get-up provides a short controllable recovery shield
PASS Recovery shield rejects a same-frame hit
PASS Hard Saidin interrupts a boss tell and opens a counterattack window
PASS Saidin retains the Draghkar anti-air move restriction
PASS New boss resource interruption is Hard-only
PASS Hard Loial visibly tracks a flank and lands a meaningful hit
PASS Normal Loial preserves his original fixed lane
v1.1 combat checks passed: 247
