PASS New presentation module loads through the normal index
PASS Presentation wrapper preserves forced-frame argument for inherited art review
PASS All seven ordinary enemy variants have a first-encounter card
PASS First wave queues unique enemy introductions
PASS Revisiting a wave never queues duplicate seen introductions
PASS Drawing a first-enemy card does not mutate simulation state
PASS Previously missing spellcasters have concrete tactics
PASS Pause freezes the card reading timer
PASS Hidden enemy card cannot expire behind an Angreal buff
PASS Boss entry dismisses ordinary intro cards without conflicting with the boss card
PASS riley-victory-chieftain is allowlisted
PASS riley-victory-chieftain has real transparent background and substantial painted content
PASS riley-victory-chieftain has reviewed grounding metadata
PASS boss-defeat-chieftain is allowlisted
PASS boss-defeat-chieftain has real transparent background and substantial painted content
PASS boss-defeat-chieftain has reviewed grounding metadata
PASS riley-victory-fade is allowlisted
PASS riley-victory-fade has real transparent background and substantial painted content
PASS riley-victory-fade has reviewed grounding metadata
PASS boss-defeat-fade is allowlisted
PASS boss-defeat-fade has real transparent background and substantial painted content
PASS boss-defeat-fade has reviewed grounding metadata
PASS riley-victory-draghkar is allowlisted
PASS riley-victory-draghkar has real transparent background and substantial painted content
PASS riley-victory-draghkar has reviewed grounding metadata
PASS boss-defeat-draghkar is allowlisted
PASS boss-defeat-draghkar has real transparent background and substantial painted content
PASS boss-defeat-draghkar has reviewed grounding metadata
PASS riley-victory-forsaken is allowlisted
PASS riley-victory-forsaken has real transparent background and substantial painted content
PASS riley-victory-forsaken has reviewed grounding metadata
PASS boss-defeat-forsaken is allowlisted
PASS boss-defeat-forsaken has real transparent background and substantial painted content
PASS boss-defeat-forsaken has reviewed grounding metadata
PASS riley-victory-taim is allowlisted
PASS riley-victory-taim has real transparent background and substantial painted content
PASS riley-victory-taim has reviewed grounding metadata
PASS boss-defeat-taim is allowlisted
PASS boss-defeat-taim has real transparent background and substantial painted content
PASS boss-defeat-taim has reviewed grounding metadata
PASS Ten independently delivered paintings are distinct files, not duplicate-frame aliases
PASS Stage 1 outcome poses preserve positions/HP/power in both facings
PASS Stage 1 sprite-resize cache remains bounded
PASS Stage 2 outcome poses preserve positions/HP/power in both facings
PASS Stage 2 sprite-resize cache remains bounded
PASS Stage 3 outcome poses preserve positions/HP/power in both facings
PASS Stage 3 sprite-resize cache remains bounded
PASS Stage 4 outcome poses preserve positions/HP/power in both facings
PASS Stage 4 sprite-resize cache remains bounded
PASS Stage 5 outcome poses preserve positions/HP/power in both facings
PASS Stage 5 sprite-resize cache remains bounded
PASS Missing outcome paintings retain the original renderer fallback
52 presentation checks passed
