PASS Legacy saves keep their state and use Normal
PASS Continue does not adopt the changed next-run difficulty
PASS A new run uses the chosen Hard setting
PASS Hard persists in checkpoints and between stages
PASS Restart preserves the active difficulty
PASS Taim clear routes to escape before homecoming
PASS Escape has three catalogued painted story beats
PASS Stone of Tear arrival does not show Callandor already acquired
PASS Post-victory Callandor reveal has its own acquisition painting
PASS Black Tower arrival does not show Twinkle Toes already rescued
PASS Freed/finale lines retain the joint-finish painting
PASS Repeated escape NEXT advances to homecoming exactly once
PASS Homecoming advances to family credits exactly once
PASS Family credits remain readable until the player chooses to leave
PASS Keyboard and tap exit credits without duplicate transitions
PASS Options BACK works with keyboard/gamepad confirmation
PASS Options BACK works with a pointer/touch row tap
PASS All five boss introductions render even when paintings are unavailable
PASS Escape and credits retain playable missing-art fallbacks
19 release checks passed.
