TEST MODE: deterministic WebAudio clock using ffprobe MP3 durations (not a browser decode)
PASS Play constructor queues the boss entrance; enter reset preserves it; the first dialogue update speaks it
TRACE [{"id":"st5_riley_02","at":0,"duration":0.84},{"id":"st5_kenzie_02","at":0.839,"duration":1.392},{"id":"taim_defeat_01","at":2.23,"duration":2.64},{"id":"riley_bosswin_05","at":4.869,"duration":0.936}]
PASS Joint collision still defeats Taim at exactly 1.25 gameplay seconds
PASS Together → Twinkle Toes → Taim defeat → Riley win all finish before escape
TRACE [{"id":"chieftain_defeat_01","at":0,"duration":3.048},{"id":"riley_victory_01","at":3.047,"duration":1.104}]
PASS The 3+ second Chieftain defeat finishes before Riley and the stage transition
TRACE [{"id":"riley_super_01","at":0,"duration":0.864},{"id":"riley_callandor_01","at":0.863,"duration":1.272}]
PASS The first Callandor super and its answer both play in full, in trigger order
TRACE [{"id":"slow-fixture","at":0,"duration":0.864},{"id":"fast-fixture","at":0.864,"duration":1.272}]
PASS Cold clips retain request order when the second download finishes first
TRACE [{"id":"riley_super_01","at":0,"duration":0.864}]
PASS Missing/placeholder speech falls back once and does not block the next line
PASS Scene reset cancels delayed speech and its fallback without a stale callback
PASS Explicit Reel NEXT can skip a protected line and immediately speak the next caption
PASS Muted speech never holds a transition; no browser script errors
PASS Suspended audio drops incidental barks, allows clear, and resumes cleanly after scene reset
PASS Mute or zero volume during protected speech cannot trap clear; restoring audio speaks normally
PASS No AudioContext: subtitle/fallback path cannot trap the clear screen
PASS Legacy Edge generation skips every approved Kokoro voice, including overlapping config: Legacy Edge generator selected only its configured non-local speakers
14 voice sequencing checks passed.
