{"sname":"S1-A boss arena","label":"a483d02","all":{"frames":571,"fps":19.08,"over33":497,"over33pct":87,"p95":66.8},"fight":{"frames":495,"fps":18.76,"over33":435,"over33pct":87.9,"p95":83.3},"cutsceneFramesExcluded":0,"quality":5,"powers":["saangreal"],"zone":3}
{"sname":"S1-A boss arena","label":"stage2","all":{"frames":631,"fps":21.07,"over33":487,"over33pct":77.2,"p95":66.7},"fight":{"frames":493,"fps":20.63,"over33":390,"over33pct":79.1,"p95":66.7},"cutsceneFramesExcluded":0,"quality":5,"powers":["saangreal"],"zone":3}
{"sname":"S1-A boss arena","label":"a483d02","all":{"frames":604,"fps":20.17,"over33":503,"over33pct":83.3,"p95":66.8},"fight":{"frames":538,"fps":20.06,"over33":451,"over33pct":83.8,"p95":66.8},"cutsceneFramesExcluded":0,"quality":5,"powers":["saangreal"],"zone":3}
{"sname":"S1-A boss arena","label":"stage2","all":{"frames":590,"fps":19.68,"over33":479,"over33pct":81.2,"p95":83.3},"fight":{"frames":509,"fps":19.32,"over33":427,"over33pct":83.9,"p95":83.3},"cutsceneFramesExcluded":0,"quality":5,"powers":["saangreal"],"zone":3}
{"sname":"S1-A boss arena","label":"a483d02","all":{"frames":543,"fps":18.13,"over33":474,"over33pct":87.3,"p95":99.9},"fight":{"frames":467,"fps":17.71,"over33":416,"over33pct":89.1,"p95":99.9},"cutsceneFramesExcluded":0,"quality":5,"powers":["saangreal"],"zone":3}
{"sname":"S1-A boss arena","label":"stage2","all":{"frames":580,"fps":19.38,"over33":505,"over33pct":87.1,"p95":66.8},"fight":{"frames":499,"fps":19.11,"over33":438,"over33pct":87.8,"p95":66.8},"cutsceneFramesExcluded":0,"quality":5,"powers":[],"zone":3}
{"sname":"S1-B stage start","label":"a483d02","all":{"frames":600,"fps":19.72,"over33":501,"over33pct":83.5,"p95":66.8},"fight":{"frames":295,"fps":18.59,"over33":271,"over33pct":91.9,"p95":83.3},"cutsceneFramesExcluded":415,"quality":5,"powers":["angreal","fireshield","lightning"],"zone":1}
{"sname":"S1-B stage start","label":"stage2","all":{"frames":567,"fps":19.13,"over33":462,"over33pct":81.5,"p95":83.4},"fight":{"frames":266,"fps":18.01,"over33":241,"over33pct":90.6,"p95":99.9},"cutsceneFramesExcluded":444,"quality":5,"powers":["angreal","fireshield","lightning"],"zone":1}
{"sname":"S1-B stage start","label":"a483d02","all":{"frames":607,"fps":20.23,"over33":473,"over33pct":77.9,"p95":66.7},"fight":{"frames":284,"fps":18.48,"over33":251,"over33pct":88.4,"p95":100},"cutsceneFramesExcluded":432,"quality":5,"powers":["angreal","fireshield","lightning"],"zone":1}
{"sname":"S1-B stage start","label":"stage2","all":{"frames":678,"fps":20.15,"over33":517,"over33pct":76.3,"p95":83.3},"fight":{"frames":337,"fps":18.57,"over33":292,"over33pct":86.6,"p95":99.9},"cutsceneFramesExcluded":373,"quality":5,"powers":["angreal","fireshield","lightning"],"zone":1}
{"sname":"S1-B stage start","label":"a483d02","all":{"frames":685,"fps":21.15,"over33":504,"over33pct":73.6,"p95":66.7},"fight":{"frames":321,"fps":19.28,"over33":278,"over33pct":86.6,"p95":66.7},"cutsceneFramesExcluded":402,"quality":5,"powers":["angreal","fireshield","lightning"],"zone":1}
{"sname":"S1-B stage start","label":"stage2","all":{"frames":799,"fps":20.92,"over33":603,"over33pct":75.5,"p95":66.7},"fight":{"frames":468,"fps":19.78,"over33":397,"over33pct":84.8,"p95":66.8},"cutsceneFramesExcluded":329,"quality":5,"powers":["angreal","fireshield","lightning"],"zone":1}
{"sname":"S2-A boss arena","label":"stage2","all":{"frames":709,"fps":23.66,"over33":410,"over33pct":57.8,"p95":50.1},"fight":{"frames":579,"fps":23.59,"over33":334,"over33pct":57.7,"p95":66.6},"cutsceneFramesExcluded":0,"quality":5,"powers":["saangreal"],"zone":3}
{"sname":"S2-A boss arena","label":"stage2","all":{"frames":714,"fps":23.8,"over33":407,"over33pct":57,"p95":66.6},"fight":{"frames":568,"fps":23.44,"over33":325,"over33pct":57.2,"p95":66.7},"cutsceneFramesExcluded":0,"quality":5,"powers":["saangreal"],"zone":3}
{"sname":"S2-A boss arena","label":"stage2","all":{"frames":686,"fps":22.89,"over33":424,"over33pct":61.8,"p95":66.7},"fight":{"frames":546,"fps":22.5,"over33":352,"over33pct":64.5,"p95":66.7},"cutsceneFramesExcluded":0,"quality":5,"powers":["saangreal"],"zone":3}
{"sname":"S2-B stage start","label":"stage2","all":{"frames":1342,"fps":22.39,"over33":920,"over33pct":68.6,"p95":66.7},"fight":{"frames":835,"fps":21.96,"over33":595,"over33pct":71.3,"p95":66.7},"cutsceneFramesExcluded":0,"quality":5,"powers":["angreal","airwhip","lightning","fireshield"],"zone":1}
{"sname":"S2-B stage start","label":"stage2","all":{"frames":1302,"fps":21.71,"over33":880,"over33pct":67.6,"p95":66.7},"fight":{"frames":879,"fps":21.11,"over33":650,"over33pct":73.9,"p95":66.7},"cutsceneFramesExcluded":0,"quality":5,"powers":["angreal","airwhip","lightning","fireshield"],"zone":1}
{"sname":"S2-B stage start","label":"stage2","all":{"frames":1324,"fps":22.07,"over33":939,"over33pct":70.9,"p95":66.7},"fight":{"frames":900,"fps":21.58,"over33":683,"over33pct":75.9,"p95":66.7},"cutsceneFramesExcluded":0,"quality":5,"powers":["angreal","airwhip","lightning","fireshield"],"zone":1}
{"scenario":"S1-A boss arena","label":"a483d02","avgFps":19.13,"avgFightFps":18.84,"avgFightOver33pct":86.93,"avgAllOver33pct":85.87,"avgFightFrames":500}
{"scenario":"S1-A boss arena","label":"stage2","avgFps":20.04,"avgFightFps":19.69,"avgFightOver33pct":83.6,"avgAllOver33pct":81.83,"avgFightFrames":500.33}
{"scenario":"S1-B stage start","label":"a483d02","avgFps":20.37,"avgFightFps":18.78,"avgFightOver33pct":88.97,"avgAllOver33pct":78.33,"avgFightFrames":300}
{"scenario":"S1-B stage start","label":"stage2","avgFps":20.07,"avgFightFps":18.79,"avgFightOver33pct":87.33,"avgAllOver33pct":77.77,"avgFightFrames":357}
{"scenario":"S2-A boss arena","label":"stage2","avgFps":23.45,"avgFightFps":23.18,"avgFightOver33pct":59.8,"avgAllOver33pct":58.87,"avgFightFrames":564.33}
{"scenario":"S2-B stage start","label":"stage2","avgFps":22.06,"avgFightFps":21.55,"avgFightOver33pct":73.7,"avgAllOver33pct":69.03,"avgFightFrames":871.33}
